Feb 18, 2018 11:23:46 PM rishabh.App insert
INFO: as is added to the trie
Feb 18, 2018 11:23:46 PM rishabh.App insert
INFO: asd is added to the trie
Feb 18, 2018 11:23:46 PM rishabh.App insert
INFO: sdff is added to the trie
Feb 18, 2018 11:23:46 PM rishabh.App insert
INFO: sad is added to the trie
Feb 18, 2018 11:23:46 PM rishabh.App readJson
INFO: JSON file read completely
